# DIA-08 probes

Generated by `R/01-probes.R`, 150 replicates per cell. Order is by RMSE, best first.

| departure | target mean | law | truth | bias | RMSE order |
|---|---:|---|---:|---|---|
| linear | 0.3 | normal | -0.477 | maic means -0.035; maic means_sds -0.036; stc flexible -0.043; stc linear -0.044; unadjusted 0.109 | stc_linear < stc_flexible < maic_means < maic_means_sds < unadjusted |
| threshold | 0.3 | normal | -0.636 | maic means -0.001; maic means_sds -0.001; stc flexible -0.019; stc linear -0.014; unadjusted 0.136 | stc_linear < stc_flexible < maic_means < maic_means_sds < unadjusted |
| interaction | 0.3 | normal | -0.470 | maic means -0.021; maic means_sds -0.022; stc flexible -0.044; stc linear -0.033; unadjusted 0.155 | stc_flexible < stc_linear < maic_means < maic_means_sds < unadjusted |
| quadratic | 0.3 | normal | -0.680 | maic means -0.024; maic means_sds -0.031; stc flexible -0.041; stc linear -0.027; unadjusted 0.135 | stc_linear < stc_flexible < maic_means < maic_means_sds < unadjusted |
| linear | 0.8 | normal | -0.708 | maic means 0.022; maic means_sds 0.019; stc flexible 0.014; stc linear -0.004; unadjusted 0.393 | stc_linear < stc_flexible < maic_means < maic_means_sds < unadjusted |
| threshold | 0.8 | normal | -0.851 | maic means 0.005; maic means_sds 0.005; stc flexible -0.031; stc linear -0.004; unadjusted 0.347 | stc_linear < stc_flexible < maic_means_sds < maic_means < unadjusted |
| interaction | 0.8 | normal | -0.778 | maic means -0.020; maic means_sds -0.017; stc flexible -0.046; stc linear 0.027; unadjusted 0.478 | stc_linear < stc_flexible < maic_means_sds < maic_means < unadjusted |
| quadratic | 0.8 | normal | -0.954 | maic means -0.031; maic means_sds -0.042; stc flexible -0.035; stc linear 0.023; unadjusted 0.446 | stc_linear < stc_flexible < maic_means < maic_means_sds < unadjusted |
| linear | 1.2 | normal | -0.901 | maic means 0.014; maic means_sds 0.017; stc flexible 0.027; stc linear 0.008; unadjusted 0.585 | stc_linear < stc_flexible < maic_means < maic_means_sds < unadjusted |
| threshold | 1.2 | normal | -1.028 | maic means 0.005; maic means_sds 0.016; stc flexible -0.065; stc linear -0.005; unadjusted 0.528 | stc_linear < stc_flexible < maic_means < maic_means_sds < unadjusted |
| interaction | 1.2 | normal | -1.064 | maic means -0.042; maic means_sds -0.003; stc flexible -0.015; stc linear 0.116; unadjusted 0.741 | stc_linear < stc_flexible < maic_means < maic_means_sds < unadjusted |
| quadratic | 1.2 | normal | -1.212 | maic means -0.124; maic means_sds -0.144; stc flexible -0.079; stc linear 0.072; unadjusted 0.665 | stc_linear < stc_flexible < maic_means < maic_means_sds < unadjusted |
| linear | 0.3 | skewed | -0.428 | maic means -0.010; maic means_sds -0.014; stc flexible -0.058; stc linear -0.056; unadjusted 0.138 | stc_linear < stc_flexible < maic_means < maic_means_sds < unadjusted |
| linear | 0.8 | skewed | -0.672 | maic means 0.021; maic means_sds -0.023; stc flexible -0.053; stc linear -0.044; unadjusted 0.377 | stc_linear < stc_flexible < maic_means < maic_means_sds < unadjusted |
| linear | 1.2 | skewed | -0.890 | maic means 0.090; maic means_sds -0.001; stc flexible -0.022; stc linear -0.021; unadjusted 0.582 | stc_linear < maic_means < stc_flexible < maic_means_sds < unadjusted |
| none | 0.8 | normal | -0.180 | maic means -0.022; maic means_sds -0.021; stc flexible -0.034; stc linear -0.023; unadjusted -0.001 | unadjusted < stc_linear < stc_flexible < maic_means < maic_means_sds |

Unit cost 0.080 s per replicate; 16 cells at 2000 replicates is 0.71 core-hours.

