# MOD-18 probes

Generated by `R/01-probes.R`, 20 replicates per cell.

| cohort size | calibration drift | risk percentile | bias | plug-in coverage | propagated / plug-in SE |
|---:|---:|---:|---:|---:|---:|
| 300 | 0.0 | 0.1 | -0.045 | 0.95 | 1.072 |
| 300 | 0.0 | 0.5 | -0.005 | 1.00 | 1.012 |
| 300 | 0.0 | 0.9 | 0.034 | 0.90 | 1.067 |
| 1000 | 0.0 | 0.1 | 0.021 | 0.95 | 1.024 |
| 1000 | 0.0 | 0.5 | -0.005 | 0.90 | 1.004 |
| 1000 | 0.0 | 0.9 | -0.032 | 0.95 | 1.022 |
| 5000 | 0.0 | 0.1 | 0.007 | 1.00 | 1.005 |
| 5000 | 0.0 | 0.5 | 0.003 | 1.00 | 1.001 |
| 5000 | 0.0 | 0.9 | -0.000 | 1.00 | 1.003 |
| 300 | 0.5 | 0.1 | -0.029 | 0.90 | 1.067 |
| 300 | 0.5 | 0.5 | -0.019 | 0.95 | 1.013 |
| 300 | 0.5 | 0.9 | -0.009 | 0.90 | 1.060 |
| 1000 | 0.5 | 0.1 | -0.002 | 0.95 | 1.018 |
| 1000 | 0.5 | 0.5 | 0.039 | 0.90 | 1.004 |
| 1000 | 0.5 | 0.9 | 0.079 | 0.85 | 1.015 |
| 5000 | 0.5 | 0.1 | -0.058 | 0.90 | 1.006 |
| 5000 | 0.5 | 0.5 | -0.017 | 1.00 | 1.001 |
| 5000 | 0.5 | 0.9 | 0.023 | 0.95 | 1.005 |

Unit cost 1.44 s per replicate; 6 cells at 500 replicates is 1.20 core-hours.

