   cell    res                quantity     both   jitter censoring events_given
1     4 coarse                B_rmst24 4.86e-05 5.65e-05  1.81e-04          NaN
2     3   fine                B_rmst24 5.73e-05 3.51e-05  6.49e-05          NaN
3     4 coarse                   B_s12 1.65e-05 1.61e-05  1.13e-06          NaN
4     3   fine                   B_s12 8.72e-07 8.08e-07  1.94e-08          NaN
5     4 coarse                   B_s48 7.99e-06 5.92e-06  4.46e-06          NaN
6     3   fine                   B_s48 2.98e-06 6.45e-07  2.15e-06          NaN
7     4 coarse rmst24_error_120_points      NaN      NaN       NaN       0.0557
8     3   fine rmst24_error_120_points      NaN      NaN       NaN       0.0639
9     4 coarse  rmst24_error_30_points      NaN      NaN       NaN       0.2915
10    3   fine  rmst24_error_30_points      NaN      NaN       NaN       0.3391
11    4 coarse  rmst24_error_60_points      NaN      NaN       NaN       0.1578
12    3   fine  rmst24_error_60_points      NaN      NaN       NaN       0.1536
   events_not_given
1               NaN
2               NaN
3               NaN
4               NaN
5               NaN
6               NaN
7            0.0557
8            0.0639
9            0.2915
10           0.3391
11           0.1578
12           0.1536
